Microsoft Windows [Version 10.0.22631.3593]
(c) Microsoft Corporation. All rights reserved.

C:\Users\Emanuele>cd C:\Users\Emanuele\Documents\Capolavoro 2024\puzzle-masterbot

C:\Users\Emanuele\Documents\Capolavoro 2024\puzzle-masterbot>git pull
Already up to date.

C:\Users\Emanuele\Documents\Capolavoro 2024\puzzle-masterbot>git pull
remote: Enumerating objects: 11, done.
remote: Counting objects: 100% (11/11), done.
remote: Compressing objects: 100% (8/8), done.
remote: Total 10 (delta 0), reused 0 (delta 0), pack-reused 0
Unpacking objects: 100% (10/10), 2.33 KiB | 74.00 KiB/s, done.
From https://github.com/emanu07/puzzle-masterbot
   7ef7bab..f5f5695  arduino_programms -> origin/arduino_programms
Already up to date.

C:\Users\Emanuele\Documents\Capolavoro 2024\puzzle-masterbot>git status
On branch main
Your branch is up to date with 'origin/main'.

Changes not staged for commit:
  (use "git add/rm <file>..." to update what will be committed)
  (use "git restore <file>..." to discard changes in working directory)
        deleted:    Servo_delinamento/Servo_delinamento.ino
        deleted:    sensore_colore.ino
        deleted:    servo/servo.ino
        deleted:    sketch_per_sensore_di_colore/sketch_per_sensore_di_colore.ino

no changes added to commit (use "git add" and/or "git commit -a")

C:\Users\Emanuele\Documents\Capolavoro 2024\puzzle-masterbot>git commit
On branch main
Your branch is up to date with 'origin/main'.

Changes not staged for commit:
  (use "git add/rm <file>..." to update what will be committed)
  (use "git restore <file>..." to discard changes in working directory)
        deleted:    Servo_delinamento/Servo_delinamento.ino
        deleted:    sensore_colore.ino
        deleted:    servo/servo.ino
        deleted:    sketch_per_sensore_di_colore/sketch_per_sensore_di_colore.ino

no changes added to commit (use "git add" and/or "git commit -a")

C:\Users\Emanuele\Documents\Capolavoro 2024\puzzle-masterbot>git checkout main
D       Servo_delinamento/Servo_delinamento.ino
D       sensore_colore.ino
D       servo/servo.ino
D       sketch_per_sensore_di_colore/sketch_per_sensore_di_colore.ino
Already on 'main'
Your branch is up to date with 'origin/main'.

C:\Users\Emanuele\Documents\Capolavoro 2024\puzzle-masterbot>git pull main
fatal: 'main' does not appear to be a git repository
fatal: Could not read from remote repository.

Please make sure you have the correct access rights
and the repository exists.

C:\Users\Emanuele\Documents\Capolavoro 2024\puzzle-masterbot>git branches
git: 'branches' is not a git command. See 'git --help'.

C:\Users\Emanuele\Documents\Capolavoro 2024\puzzle-masterbot>git --help
usage: git [-v | --version] [-h | --help] [-C <path>] [-c <name>=<value>]
           [--exec-path[=<path>]] [--html-path] [--man-path] [--info-path]
           [-p | --paginate | -P | --no-pager] [--no-replace-objects] [--bare]
           [--git-dir=<path>] [--work-tree=<path>] [--namespace=<name>]
           [--config-env=<name>=<envvar>] <command> [<args>]

These are common Git commands used in various situations:

start a working area (see also: git help tutorial)
   clone     Clone a repository into a new directory
   init      Create an empty Git repository or reinitialize an existing one

work on the current change (see also: git help everyday)
   add       Add file contents to the index
   mv        Move or rename a file, a directory, or a symlink
   restore   Restore working tree files
   rm        Remove files from the working tree and from the index

examine the history and state (see also: git help revisions)
   bisect    Use binary search to find the commit that introduced a bug
   diff      Show changes between commits, commit and working tree, etc
   grep      Print lines matching a pattern
   log       Show commit logs
   show      Show various types of objects
   status    Show the working tree status

grow, mark and tweak your common history
   branch    List, create, or delete branches
   commit    Record changes to the repository
   merge     Join two or more development histories together
   rebase    Reapply commits on top of another base tip
   reset     Reset current HEAD to the specified state
   switch    Switch branches
   tag       Create, list, delete or verify a tag object signed with GPG

collaborate (see also: git help workflows)
   fetch     Download objects and refs from another repository
   pull      Fetch from and integrate with another repository or a local branch
   push      Update remote refs along with associated objects

'git help -a' and 'git help -g' list available subcommands and some
concept guides. See 'git help <command>' or 'git help <concept>'
to read about a specific subcommand or concept.
See 'git help git' for an overview of the system.

C:\Users\Emanuele\Documents\Capolavoro 2024\puzzle-masterbot>git mv
usage: git mv [<options>] <source>... <destination>

    -v, --[no-]verbose    be verbose
    -n, --[no-]dry-run    dry run
    -f, --[no-]force      force move/rename even if target exists
    -k                    skip move/rename errors
    --[no-]sparse         allow updating entries outside of the sparse-checkout cone


C:\Users\Emanuele\Documents\Capolavoro 2024\puzzle-masterbot>cd..

C:\Users\Emanuele\Documents\Capolavoro 2024>git clone https://github.com/emanu07/puzzle-masterbot/tree/arduino_programms
Cloning into 'arduino_programms'...
fatal: repository 'https://github.com/emanu07/puzzle-masterbot/tree/arduino_programms/' not found

C:\Users\Emanuele\Documents\Capolavoro 2024>git restore
fatal: not a git repository (or any of the parent directories): .git

C:\Users\Emanuele\Documents\Capolavoro 2024>cd puzzle-masterbot

C:\Users\Emanuele\Documents\Capolavoro 2024\puzzle-masterbot>git restore
fatal: you must specify path(s) to restore

C:\Users\Emanuele\Documents\Capolavoro 2024\puzzle-masterbot>cd ..

C:\Users\Emanuele\Documents\Capolavoro 2024>rmdir /s /q puzzle-masterbot

C:\Users\Emanuele\Documents\Capolavoro 2024> git clone https://github.com/emanu07/puzzle-masterbot/tree/main
Cloning into 'main'...
fatal: repository 'https://github.com/emanu07/puzzle-masterbot/tree/main/' not found

C:\Users\Emanuele\Documents\Capolavoro 2024>git clone https://github.com/emanu07/puzzle-masterbot.git
Cloning into 'puzzle-masterbot'...
remote: Enumerating objects: 28, done.
remote: Counting objects: 100% (28/28), done.
remote: Compressing objects: 100% (23/23), done.
remote: Total 28 (delta 5), reused 11 (delta 1), pack-reused 0
Receiving objects: 100% (28/28), 40.40 KiB | 366.00 KiB/s, done.
Resolving deltas: 100% (5/5), done.

C:\Users\Emanuele\Documents\Capolavoro 2024>git status
fatal: not a git repository (or any of the parent directories): .git

C:\Users\Emanuele\Documents\Capolavoro 2024>cd puzzle-masterbot

C:\Users\Emanuele\Documents\Capolavoro 2024\puzzle-masterbot>git status
On branch main
Your branch is up to date with 'origin/main'.

nothing to commit, working tree clean

C:\Users\Emanuele\Documents\Capolavoro 2024\puzzle-masterbot>git checkout main
Already on 'main'
Your branch is up to date with 'origin/main'.

C:\Users\Emanuele\Documents\Capolavoro 2024\puzzle-masterbot>git status
On branch main
Your branch is up to date with 'origin/main'.

nothing to commit, working tree clean

C:\Users\Emanuele\Documents\Capolavoro 2024\puzzle-masterbot>git commit
On branch main
Your branch is up to date with 'origin/main'.

nothing to commit, working tree clean

C:\Users\Emanuele\Documents\Capolavoro 2024\puzzle-masterbot>git pull
Already up to date.

C:\Users\Emanuele\Documents\Capolavoro 2024\puzzle-masterbot>cd ..

C:\Users\Emanuele\Documents\Capolavoro 2024>rmdir /s /q puzzle-masterbot

C:\Users\Emanuele\Documents\Capolavoro 2024>git clone https://github.com/emanu07/puzzle-masterbot.git
Cloning into 'puzzle-masterbot'...
remote: Enumerating objects: 18, done.
remote: Counting objects: 100% (18/18), done.
remote: Compressing objects: 100% (15/15), done.
remote: Total 18 (delta 1), reused 14 (delta 1), pack-reused 0
Receiving objects: 100% (18/18), 38.44 KiB | 5.49 MiB/s, done.
Resolving deltas: 100% (1/1), done.

C:\Users\Emanuele\Documents\Capolavoro 2024>git checkout main
fatal: not a git repository (or any of the parent directories): .git

C:\Users\Emanuele\Documents\Capolavoro 2024>cd puzzle-masterbot

C:\Users\Emanuele\Documents\Capolavoro 2024\puzzle-masterbot>git checkout main
Already on 'main'
Your branch is up to date with 'origin/main'.

C:\Users\Emanuele\Documents\Capolavoro 2024\puzzle-masterbot>git pull origin main
From https://github.com/emanu07/puzzle-masterbot
 * branch            main       -> FETCH_HEAD
Already up to date.

C:\Users\Emanuele\Documents\Capolavoro 2024\puzzle-masterbot>git add arduino_programms

C:\Users\Emanuele\Documents\Capolavoro 2024\puzzle-masterbot>git add C_programms

C:\Users\Emanuele\Documents\Capolavoro 2024\puzzle-masterbot>git add design_programms

C:\Users\Emanuele\Documents\Capolavoro 2024\puzzle-masterbot>git status
On branch main
Your branch is up to date with 'origin/main'.

Changes to be committed:
  (use "git restore --staged <file>..." to unstage)
        new file:   design_programms/Piattino per cubo definitivo.dwg

Changes not staged for commit:
  (use "git add/rm <file>..." to update what will be committed)
  (use "git restore <file>..." to discard changes in working directory)
        deleted:    .gitignore
        deleted:    Piattino per cubo definitivo.dwg
        deleted:    README.md
        deleted:    Servo_delinamento/Servo_delinamento.ino
        deleted:    scansione_pezzi.c
        deleted:    sensore_colore.ino
        deleted:    servo/servo.ino
        deleted:    sketch_per_sensore_di_colore/sketch_per_sensore_di_colore.ino

Untracked files:
  (use "git add <file>..." to include in what will be committed)
        README/


C:\Users\Emanuele\Documents\Capolavoro 2024\puzzle-masterbot>git add arduino_programms

C:\Users\Emanuele\Documents\Capolavoro 2024\puzzle-masterbot>git add C_programms

C:\Users\Emanuele\Documents\Capolavoro 2024\puzzle-masterbot>git add README

C:\Users\Emanuele\Documents\Capolavoro 2024\puzzle-masterbot>git status
On branch main
Your branch is up to date with 'origin/main'.

Changes to be committed:
  (use "git restore --staged <file>..." to unstage)
        new file:   README/.gitignore
        new file:   README/README.md
        new file:   design_programms/Piattino per cubo definitivo.dwg

Changes not staged for commit:
  (use "git add/rm <file>..." to update what will be committed)
  (use "git restore <file>..." to discard changes in working directory)
        deleted:    .gitignore
        deleted:    Piattino per cubo definitivo.dwg
        deleted:    README.md
        deleted:    Servo_delinamento/Servo_delinamento.ino
        deleted:    scansione_pezzi.c
        deleted:    sensore_colore.ino
        deleted:    servo/servo.ino
        deleted:    sketch_per_sensore_di_colore/sketch_per_sensore_di_colore.ino


C:\Users\Emanuele\Documents\Capolavoro 2024\puzzle-masterbot>git push origin main
Everything up-to-date

C:\Users\Emanuele\Documents\Capolavoro 2024\puzzle-masterbot>git status
On branch main
Your branch is up to date with 'origin/main'.

Changes to be committed:
  (use "git restore --staged <file>..." to unstage)
        new file:   README/.gitignore
        new file:   README/README.md
        new file:   design_programms/Piattino per cubo definitivo.dwg

Changes not staged for commit:
  (use "git add/rm <file>..." to update what will be committed)
  (use "git restore <file>..." to discard changes in working directory)
        deleted:    .gitignore
        deleted:    Piattino per cubo definitivo.dwg
        deleted:    README.md
        deleted:    Servo_delinamento/Servo_delinamento.ino
        deleted:    scansione_pezzi.c
        deleted:    sensore_colore.ino
        deleted:    servo/servo.ino
        deleted:    sketch_per_sensore_di_colore/sketch_per_sensore_di_colore.ino


C:\Users\Emanuele\Documents\Capolavoro 2024\puzzle-masterbot>cd ..

C:\Users\Emanuele\Documents\Capolavoro 2024>git status
fatal: not a git repository (or any of the parent directories): .git

C:\Users\Emanuele\Documents\Capolavoro 2024>git commit
fatal: not a git repository (or any of the parent directories): .git

C:\Users\Emanuele\Documents\Capolavoro 2024>cd puzzle-masterbot

C:\Users\Emanuele\Documents\Capolavoro 2024\puzzle-masterbot>git commit
[main 153f058] Modificato altre cose
 3 files changed, 54 insertions(+)
 create mode 100644 README/.gitignore
 create mode 100644 README/README.md
 create mode 100644 design_programms/Piattino per cubo definitivo.dwg

C:\Users\Emanuele\Documents\Capolavoro 2024\puzzle-masterbot>git push
Enumerating objects: 5, done.
Counting objects: 100% (5/5), done.
Delta compression using up to 6 threads
Compressing objects: 100% (4/4), done.
Writing objects: 100% (4/4), 466 bytes | 466.00 KiB/s, done.
Total 4 (delta 1), reused 1 (delta 0), pack-reused 0 (from 0)
remote: Resolving deltas: 100% (1/1), completed with 1 local object.
To https://github.com/emanu07/puzzle-masterbot.git
   ddf1dfb..153f058  main -> main

C:\Users\Emanuele\Documents\Capolavoro 2024\puzzle-masterbot>git add C_programms

C:\Users\Emanuele\Documents\Capolavoro 2024\puzzle-masterbot>git status
On branch main
Your branch is up to date with 'origin/main'.

Changes not staged for commit:
  (use "git add/rm <file>..." to update what will be committed)
  (use "git restore <file>..." to discard changes in working directory)
        deleted:    .gitignore
        deleted:    Piattino per cubo definitivo.dwg
        deleted:    README.md
        deleted:    Servo_delinamento/Servo_delinamento.ino
        deleted:    scansione_pezzi.c
        deleted:    sensore_colore.ino
        deleted:    servo/servo.ino
        deleted:    sketch_per_sensore_di_colore/sketch_per_sensore_di_colore.ino

Untracked files:
  (use "git add <file>..." to include in what will be committed)
        "\357\200\272q"

no changes added to commit (use "git add" and/or "git commit -a")

C:\Users\Emanuele\Documents\Capolavoro 2024\puzzle-masterbot>git add C_programms

C:\Users\Emanuele\Documents\Capolavoro 2024\puzzle-masterbot>git commit
On branch main
Your branch is up to date with 'origin/main'.

Changes not staged for commit:
  (use "git add/rm <file>..." to update what will be committed)
  (use "git restore <file>..." to discard changes in working directory)
        deleted:    .gitignore
        deleted:    Piattino per cubo definitivo.dwg
        deleted:    README.md
        deleted:    Servo_delinamento/Servo_delinamento.ino
        deleted:    scansione_pezzi.c
        deleted:    sensore_colore.ino
        deleted:    servo/servo.ino
        deleted:    sketch_per_sensore_di_colore/sketch_per_sensore_di_colore.ino

Untracked files:
  (use "git add <file>..." to include in what will be committed)
        "\357\200\272q"

no changes added to commit (use "git add" and/or "git commit -a")

C:\Users\Emanuele\Documents\Capolavoro 2024\puzzle-masterbot>git push
To https://github.com/emanu07/puzzle-masterbot.git
 ! [rejected]        main -> main (fetch first)
error: failed to push some refs to 'https://github.com/emanu07/puzzle-masterbot.git'
hint: Updates were rejected because the remote contains work that you do not
hint: have locally. This is usually caused by another repository pushing to
hint: the same ref. If you want to integrate the remote changes, use
hint: 'git pull' before pushing again.
hint: See the 'Note about fast-forwards' in 'git push --help' for details.

C:\Users\Emanuele\Documents\Capolavoro 2024\puzzle-masterbot>git pull
remote: Enumerating objects: 17, done.
remote: Counting objects: 100% (17/17), done.
remote: Compressing objects: 100% (16/16), done.
remote: Total 16 (delta 8), reused 0 (delta 0), pack-reused 0
Unpacking objects: 100% (16/16), 6.65 KiB | 144.00 KiB/s, done.
From https://github.com/emanu07/puzzle-masterbot
   153f058..5b2c1dd  main       -> origin/main
Updating 153f058..5b2c1dd
Fast-forward
 .gitignore                                         |  52 ------------------
 Piattino per cubo definitivo.dwg                   | Bin 46295 -> 0 bytes
 README.md                                          |   2 -
 Servo_delinamento/Servo_delinamento.ino            |  29 -----------
 scansione_pezzi.c                                  |  58 ---------------------
 sensore_colore.ino                                 |  37 -------------
 servo/servo.ino                                    |  11 ----
 .../sketch_per_sensore_di_colore.ino               |  20 -------
 8 files changed, 209 deletions(-)
 delete mode 100644 .gitignore
 delete mode 100644 Piattino per cubo definitivo.dwg
 delete mode 100644 README.md
 delete mode 100644 Servo_delinamento/Servo_delinamento.ino
 delete mode 100644 scansione_pezzi.c
 delete mode 100644 sensore_colore.ino
 delete mode 100644 servo/servo.ino
 delete mode 100644 sketch_per_sensore_di_colore/sketch_per_sensore_di_colore.ino

C:\Users\Emanuele\Documents\Capolavoro 2024\puzzle-masterbot>gi push
'gi' is not recognized as an internal or external command,
operable program or batch file.

C:\Users\Emanuele\Documents\Capolavoro 2024\puzzle-masterbot>git push
Everything up-to-date

C:\Users\Emanuele\Documents\Capolavoro 2024\puzzle-masterbot>git add C_programms

C:\Users\Emanuele\Documents\Capolavoro 2024\puzzle-masterbot>git push
Everything up-to-date

C:\Users\Emanuele\Documents\Capolavoro 2024\puzzle-masterbot>cd C_programms

C:\Users\Emanuele\Documents\Capolavoro 2024\puzzle-masterbot\C_programms>git add
Nothing specified, nothing added.
hint: Maybe you wanted to say 'git add .'?
hint: Disable this message with "git config advice.addEmptyPathspec false"

C:\Users\Emanuele\Documents\Capolavoro 2024\puzzle-masterbot\C_programms>git add processing_programm

C:\Users\Emanuele\Documents\Capolavoro 2024\puzzle-masterbot\C_programms>git commit
On branch main
Your branch is up to date with 'origin/main'.

Untracked files:
  (use "git add <file>..." to include in what will be committed)
        "../\357\200\272q"

nothing added to commit but untracked files present (use "git add" to track)

C:\Users\Emanuele\Documents\Capolavoro 2024\puzzle-masterbot\C_programms>git push
Everything up-to-date

C:\Users\Emanuele\Documents\Capolavoro 2024\puzzle-masterbot\C_programms>cd..

C:\Users\Emanuele\Documents\Capolavoro 2024\puzzle-masterbot>git add C_programms

C:\Users\Emanuele\Documents\Capolavoro 2024\puzzle-masterbot>git status
On branch main
Your branch is up to date with 'origin/main'.

Untracked files:
  (use "git add <file>..." to include in what will be committed)
        "\357\200\272q"

nothing added to commit but untracked files present (use "git add" to track)

C:\Users\Emanuele\Documents\Capolavoro 2024\puzzle-masterbot>cd C_programms

C:\Users\Emanuele\Documents\Capolavoro 2024\puzzle-masterbot\C_programms>git status
On branch main
Your branch is up to date with 'origin/main'.

Untracked files:
  (use "git add <file>..." to include in what will be committed)
        "../\357\200\272q"

nothing added to commit but untracked files present (use "git add" to track)

C:\Users\Emanuele\Documents\Capolavoro 2024\puzzle-masterbot\C_programms>git add processing_programm

C:\Users\Emanuele\Documents\Capolavoro 2024\puzzle-masterbot\C_programms>git status
On branch main
Your branch is up to date with 'origin/main'.

Untracked files:
  (use "git add <file>..." to include in what will be committed)
        "../\357\200\272q"

nothing added to commit but untracked files present (use "git add" to track)

C:\Users\Emanuele\Documents\Capolavoro 2024\puzzle-masterbot\C_programms>dir
 Volume in drive C is Windows
 Volume Serial Number is F46C-0AE4

 Directory of C:\Users\Emanuele\Documents\Capolavoro 2024\puzzle-masterbot\C_programms

29/05/2024  13:27    <DIR>          .
29/05/2024  13:32    <DIR>          ..
29/05/2024  13:27    <DIR>          processing_programm
               0 File(s)              0 bytes
               3 Dir(s)  236,805,574,656 bytes free

C:\Users\Emanuele\Documents\Capolavoro 2024\puzzle-masterbot\C_programms>cd ..

C:\Users\Emanuele\Documents\Capolavoro 2024\puzzle-masterbot>git add C_programms

C:\Users\Emanuele\Documents\Capolavoro 2024\puzzle-masterbot>git status
On branch main
Your branch is up to date with 'origin/main'.

Untracked files:
  (use "git add <file>..." to include in what will be committed)
        "\357\200\272q"

nothing added to commit but untracked files present (use "git add" to track)

C:\Users\Emanuele\Documents\Capolavoro 2024\puzzle-masterbot>git add C_programms

C:\Users\Emanuele\Documents\Capolavoro 2024\puzzle-masterbot>git add C_programms

C:\Users\Emanuele\Documents\Capolavoro 2024\puzzle-masterbot>git add "C_programms\processing_programm\New Text Document.txt"

C:\Users\Emanuele\Documents\Capolavoro 2024\puzzle-masterbot>git status
On branch main
Your branch is up to date with 'origin/main'.

Changes to be committed:
  (use "git restore --staged <file>..." to unstage)
        new file:   C_programms/processing_programm/New Text Document.txt

Untracked files:
  (use "git add <file>..." to include in what will be committed)
        "\357\200\272q"


C:\Users\Emanuele\Documents\Capolavoro 2024\puzzle-masterbot>git push
Everything up-to-date

C:\Users\Emanuele\Documents\Capolavoro 2024\puzzle-masterbot>git commit
[main eab816f] aggiunto cose
 1 file changed, 0 insertions(+), 0 deletions(-)
 create mode 100644 C_programms/processing_programm/New Text Document.txt

C:\Users\Emanuele\Documents\Capolavoro 2024\puzzle-masterbot>git push
Enumerating objects: 6, done.
Counting objects: 100% (6/6), done.
Delta compression using up to 6 threads
Compressing objects: 100% (2/2), done.
Writing objects: 100% (5/5), 387 bytes | 193.00 KiB/s, done.
Total 5 (delta 1), reused 0 (delta 0), pack-reused 0 (from 0)
remote: Resolving deltas: 100% (1/1), completed with 1 local object.
To https://github.com/emanu07/puzzle-masterbot.git
   5b2c1dd..eab816f  main -> main

C:\Users\Emanuele\Documents\Capolavoro 2024\puzzle-masterbot>
